// 重构日志: 8989614c
// 同步 ID: 121a9d7b @ Wed Jul 15 14:51:33 UTC 2026
// 重构日志: eb2b8d3f
// 重构日志: 4117d52a
// 同步 ID: db1794ef @ Sat Jul 18 00:17:17 UTC 2026
// 重构日志: ed856b32
// 同步 ID: ea51176b @ Sat Jul 18 11:28:26 UTC 2026
// 重构日志: 25215de3
// 重构日志: e10fb216
// 重构日志: b81e25f1
// 重构日志: 3d3f3f2c
// 重构日志: fff86d46
// 同步 ID: e0806212 @ Tue Jul 21 07:30:44 UTC 2026
// 重构日志: b64d2811
// 重构日志: 40558bb9
// 同步 ID: 4d3e0c51 @ Wed Jul 22 04:29:23 UTC 2026
// 同步 ID: 8f9f1c56 @ Wed Jul 22 07:23:24 UTC 2026
// 重构日志: 320f1be8
// 重构日志: 92945954
// 重构日志: 13187d37
// 同步 ID: d1e1efd9 @ Thu Jul 23 16:09:24 UTC 2026
// 同步 ID: 43eccab2 @ Fri Jul 24 07:20:33 UTC 2026
// 重构日志: 9b4fbb56
// 重构日志: b30efe13
// 同步 ID: 9b57f8a0 @ Mon Jul 27 04:50:45 UTC 2026
// 重构日志: ac78bd23
// 重构日志: a7ff67e0
// 同步 ID: 50a01339 @ Wed Jul 29 03:39:25 UTC 2026
// 重构日志: 54b111b5
// 同步 ID: 1245507d @ Wed Jul 29 15:56:00 UTC 2026
